// Jest Snapshot v1, https://goo.gl/fbAQLP

exports[`SignUpUI component SignUpUI snapshot 1`] = `
Object {
  "asFragment": [Function],
  "baseElement": <body>
    <div>
      <div>
        <form>
          <p>
            Заполните форму ниже, чтобы зарегистрировать новую учетную запись.
          </p>
          <div>
            <input
              data-testid="idEmail"
              name="email"
              placeholder="Email"
              type="email"
              value="example@example.com"
            />
          </div>
          <div>
            <input
              data-testid="idPassword"
              name="password"
              placeholder="Password"
              type="password"
              value="12345678"
            />
          </div>
          <div>
            
            <button
              data-testid="idBtnSubmit"
              type="submit"
            >
              Зарегистрироваться
            </button>
          </div>
          <hr />
          <p>
            <span>
              Уже есть аккаунт? 
            </span>
            <a
              href="/login"
            >
              Войти
            </a>
          </p>
        </form>
      </div>
    </div>
  </body>,
  "container": <div>
    <div>
      <form>
        <p>
          Заполните форму ниже, чтобы зарегистрировать новую учетную запись.
        </p>
        <div>
          <input
            data-testid="idEmail"
            name="email"
            placeholder="Email"
            type="email"
            value="example@example.com"
          />
        </div>
        <div>
          <input
            data-testid="idPassword"
            name="password"
            placeholder="Password"
            type="password"
            value="12345678"
          />
        </div>
        <div>
          
          <button
            data-testid="idBtnSubmit"
            type="submit"
          >
            Зарегистрироваться
          </button>
        </div>
        <hr />
        <p>
          <span>
            Уже есть аккаунт? 
          </span>
          <a
            href="/login"
          >
            Войти
          </a>
        </p>
      </form>
    </div>
  </div>,
  "debug": [Function],
  "findAllByAltText": [Function],
  "findAllByDisplayValue": [Function],
  "findAllByLabelText": [Function],
  "findAllByPlaceholderText": [Function],
  "findAllByRole": [Function],
  "findAllByTestId": [Function],
  "findAllByText": [Function],
  "findAllByTitle": [Function],
  "findByAltText": [Function],
  "findByDisplayValue": [Function],
  "findByLabelText": [Function],
  "findByPlaceholderText": [Function],
  "findByRole": [Function],
  "findByTestId": [Function],
  "findByText": [Function],
  "findByTitle": [Function],
  "getAllByAltText": [Function],
  "getAllByDisplayValue": [Function],
  "getAllByLabelText": [Function],
  "getAllByPlaceholderText": [Function],
  "getAllByRole": [Function],
  "getAllByTestId": [Function],
  "getAllByText": [Function],
  "getAllByTitle": [Function],
  "getByAltText": [Function],
  "getByDisplayValue": [Function],
  "getByLabelText": [Function],
  "getByPlaceholderText": [Function],
  "getByRole": [Function],
  "getByTestId": [Function],
  "getByText": [Function],
  "getByTitle": [Function],
  "queryAllByAltText": [Function],
  "queryAllByDisplayValue": [Function],
  "queryAllByLabelText": [Function],
  "queryAllByPlaceholderText": [Function],
  "queryAllByRole": [Function],
  "queryAllByTestId": [Function],
  "queryAllByText": [Function],
  "queryAllByTitle": [Function],
  "queryByAltText": [Function],
  "queryByDisplayValue": [Function],
  "queryByLabelText": [Function],
  "queryByPlaceholderText": [Function],
  "queryByRole": [Function],
  "queryByTestId": [Function],
  "queryByText": [Function],
  "queryByTitle": [Function],
  "rerender": [Function],
  "unmount": [Function],
}
`;
